START 1281053743 0 0
START 189582131 0 0
START 831713819 0 0
START 1408930435 0 0
ACK 1408930435 0 0
DATA 0 12 62177901
ACK 1 0 0
END 1408930435 0 0
ACK 1408930435 0 0
START 3133303612 0 0
ACK 3133303612 0 0
DATA 0 12 62177901
ACK 0 0 0
END 3133303612 0 0
ACK 3133303612 0 0
END 3133303612 0 0
END 3133303612 0 0
END 3133303612 0 0
END 3133303612 0 0
END 3133303612 0 0
START 2010141320 0 0
ACK 2010141320 0 0
DATA 0 12 62177901
ACK 0 0 0
END 2010141320 0 0
ACK 2010141320 0 0
END 2010141320 0 0
END 2010141320 0 0
END 2010141320 0 0
END 2010141320 0 0
START 3829143489 0 0
ACK 3829143489 0 0
DATA 0 12 62177901
ACK 0 0 0
END 3829143489 0 0
ACK 3829143489 0 0
END 3829143489 0 0
END 3829143489 0 0
END 3829143489 0 0
END 3829143489 0 0
START 1030374999 0 0
ACK 1030374999 0 0
DATA 0 12 62177901
ACK 0 0 0
END 1030374999 0 0
ACK 1030374999 0 0
END 1030374999 0 0
END 1030374999 0 0
END 1030374999 0 0
END 1030374999 0 0
START 4031700287 0 0
ACK 4031700287 0 0
DATA 0 12 62177901
ACK 0 0 0
END 4031700287 0 0
ACK 4031700287 0 0
START 331235933 0 0
ACK 331235933 0 0
DATA 0 12 62177901
ACK 0 0 0
END 331235933 0 0
ACK 331235933 0 0
START 4017112540 0 0
ACK 4017112540 0 0
DATA 0 1456 2862264000
ACK 0 0 0
DATA 1 1456 1649919916
ACK 1 0 0
DATA 2 1456 688905165
ACK 2 0 0
DATA 3 1456 2862264000
ACK 3 0 0
DATA 4 1456 1649919916
ACK 4 0 0
DATA 5 1456 688905165
ACK 5 0 0
DATA 6 1456 2862264000
ACK 6 0 0
DATA 7 1456 1649919916
ACK 7 0 0
DATA 8 1456 688905165
ACK 8 0 0
DATA 9 1456 2862264000
ACK 9 0 0
DATA 10 1456 1649919916
ACK 10 0 0
DATA 11 1456 688905165
ACK 11 0 0
DATA 12 1456 2862264000
ACK 12 0 0
DATA 13 1456 1649919916
ACK 13 0 0
DATA 14 1456 688905165
ACK 14 0 0
DATA 15 1456 2862264000
ACK 15 0 0
DATA 16 1456 1649919916
ACK 16 0 0
DATA 17 1456 688905165
ACK 17 0 0
END 4017112540 0 0
ACK 4017112540 0 0
START 4189747003 0 0
ACK 4189747003 0 0
DATA 0 1456 2862264000
ACK 0 0 0
DATA 1 1456 1649919916
ACK 1 0 0
DATA 2 1456 688905165
ACK 2 0 0
DATA 3 1456 2862264000
ACK 3 0 0
DATA 4 1456 1649919916
ACK 4 0 0
DATA 5 1456 688905165
ACK 5 0 0
DATA 6 1456 2862264000
ACK 6 0 0
DATA 7 1456 1649919916
ACK 7 0 0
DATA 8 1456 688905165
ACK 8 0 0
DATA 9 1456 2862264000
ACK 9 0 0
DATA 10 1456 1649919916
ACK 10 0 0
DATA 11 1456 688905165
ACK 11 0 0
DATA 12 1456 2862264000
ACK 12 0 0
DATA 13 1456 1649919916
ACK 13 0 0
DATA 14 1456 688905165
ACK 14 0 0
DATA 15 1456 2862264000
ACK 15 0 0
DATA 16 1456 1649919916
ACK 16 0 0
DATA 17 1456 688905165
ACK 17 0 0
DATA 18 1456 2862264000
ACK 18 0 0
DATA 19 1456 1649919916
ACK 19 0 0
DATA 20 1456 688905165
ACK 20 0 0
DATA 21 1456 2862264000
ACK 21 0 0
DATA 22 1456 1649919916
ACK 22 0 0
DATA 23 1456 688905165
ACK 23 0 0
DATA 24 1456 2862264000
ACK 24 0 0
DATA 25 1456 1649919916
ACK 25 0 0
DATA 26 1456 688905165
ACK 26 0 0
DATA 27 1456 2862264000
ACK 27 0 0
DATA 28 1456 1649919916
ACK 28 0 0
DATA 29 1456 688905165
ACK 29 0 0
DATA 30 1456 2862264000
ACK 30 0 0
DATA 31 1456 1649919916
ACK 31 0 0
DATA 32 1456 688905165
ACK 32 0 0
DATA 33 1456 2862264000
ACK 33 0 0
DATA 34 1456 1649919916
ACK 34 0 0
DATA 35 1456 688905165
ACK 35 0 0
DATA 36 1456 2862264000
ACK 36 0 0
DATA 37 1456 1649919916
ACK 37 0 0
DATA 38 1456 688905165
ACK 38 0 0
DATA 39 1456 2862264000
ACK 39 0 0
DATA 40 1456 1649919916
ACK 40 0 0
DATA 41 1456 688905165
ACK 41 0 0
DATA 42 1456 2862264000
ACK 42 0 0
DATA 43 1456 1649919916
ACK 43 0 0
DATA 44 1456 688905165
ACK 44 0 0
DATA 45 1456 2862264000
ACK 45 0 0
DATA 46 1456 1649919916
ACK 46 0 0
DATA 47 1456 688905165
ACK 47 0 0
DATA 48 1456 2862264000
ACK 48 0 0
DATA 49 1456 1649919916
ACK 49 0 0
DATA 50 1456 688905165
ACK 50 0 0
DATA 51 1456 2862264000
ACK 51 0 0
DATA 52 1456 1649919916
ACK 52 0 0
DATA 53 1456 688905165
ACK 53 0 0
DATA 54 1456 2862264000
ACK 54 0 0
DATA 55 1456 1649919916
ACK 55 0 0
DATA 56 1456 688905165
ACK 56 0 0
DATA 57 1456 2862264000
ACK 57 0 0
DATA 58 1456 1649919916
ACK 58 0 0
DATA 59 1456 688905165
ACK 59 0 0
DATA 60 1456 2862264000
ACK 60 0 0
DATA 61 1456 1649919916
ACK 61 0 0
DATA 62 1456 688905165
ACK 62 0 0
DATA 63 1456 2862264000
ACK 63 0 0
DATA 64 1456 1649919916
ACK 64 0 0
DATA 65 1456 688905165
ACK 65 0 0
DATA 66 1456 2862264000
ACK 66 0 0
DATA 67 1456 1649919916
ACK 67 0 0
DATA 68 1456 688905165
ACK 68 0 0
DATA 69 1456 2862264000
ACK 69 0 0
DATA 70 1456 1649919916
ACK 70 0 0
DATA 71 1456 688905165
ACK 71 0 0
DATA 72 1456 2862264000
ACK 72 0 0
DATA 73 1456 1649919916
ACK 73 0 0
DATA 74 1456 688905165
ACK 74 0 0
DATA 75 1456 2862264000
ACK 75 0 0
DATA 76 1456 1649919916
ACK 76 0 0
DATA 77 1456 688905165
ACK 77 0 0
DATA 78 1456 2862264000
ACK 78 0 0
DATA 79 1456 1649919916
ACK 79 0 0
DATA 80 1456 688905165
ACK 80 0 0
DATA 81 1456 2862264000
ACK 81 0 0
DATA 82 1456 1649919916
ACK 82 0 0
DATA 83 1456 688905165
ACK 83 0 0
DATA 84 1456 2862264000
ACK 84 0 0
DATA 85 1456 1649919916
ACK 85 0 0
DATA 86 1456 688905165
ACK 86 0 0
DATA 87 1456 2862264000
ACK 87 0 0
DATA 88 1456 1649919916
ACK 88 0 0
DATA 89 1456 688905165
ACK 89 0 0
DATA 90 1456 2862264000
ACK 90 0 0
DATA 91 1456 1649919916
ACK 91 0 0
DATA 92 1456 688905165
ACK 92 0 0
DATA 93 1456 2862264000
ACK 93 0 0
DATA 94 1456 1649919916
ACK 94 0 0
DATA 95 1456 688905165
ACK 95 0 0
DATA 96 1456 2862264000
ACK 96 0 0
DATA 97 1456 1649919916
ACK 97 0 0
DATA 98 1456 688905165
ACK 98 0 0
DATA 99 1456 2862264000
ACK 99 0 0
DATA 100 1456 1649919916
ACK 100 0 0
DATA 101 1456 688905165
ACK 101 0 0
DATA 102 1456 2862264000
ACK 102 0 0
DATA 103 1456 1649919916
ACK 103 0 0
DATA 104 1456 688905165
ACK 104 0 0
DATA 105 1456 2862264000
ACK 105 0 0
DATA 106 1456 1649919916
ACK 106 0 0
DATA 107 1456 688905165
ACK 107 0 0
DATA 108 1456 2862264000
ACK 108 0 0
DATA 109 1456 1649919916
ACK 109 0 0
DATA 110 1456 688905165
ACK 110 0 0
DATA 111 1456 2862264000
ACK 111 0 0
DATA 112 1456 1649919916
ACK 112 0 0
DATA 113 1456 688905165
ACK 113 0 0
DATA 114 1456 2862264000
ACK 114 0 0
DATA 115 1456 1649919916
ACK 115 0 0
DATA 116 1456 688905165
ACK 116 0 0
DATA 117 1456 2862264000
ACK 117 0 0
DATA 118 1456 1649919916
ACK 118 0 0
DATA 119 1456 688905165
ACK 119 0 0
DATA 120 1456 2862264000
ACK 120 0 0
DATA 121 1456 1649919916
ACK 121 0 0
DATA 122 1456 688905165
ACK 122 0 0
DATA 123 1456 2862264000
ACK 123 0 0
DATA 124 1456 1649919916
ACK 124 0 0
DATA 125 1456 688905165
ACK 125 0 0
DATA 126 1456 2862264000
ACK 126 0 0
DATA 127 1456 1649919916
ACK 127 0 0
DATA 128 1456 688905165
ACK 128 0 0
DATA 129 1456 2862264000
ACK 129 0 0
DATA 130 1456 1649919916
ACK 130 0 0
DATA 131 1456 688905165
ACK 131 0 0
DATA 132 1456 2862264000
ACK 132 0 0
DATA 133 1456 1649919916
ACK 133 0 0
DATA 134 1456 688905165
ACK 134 0 0
DATA 135 1456 2862264000
ACK 135 0 0
DATA 136 1456 1649919916
ACK 136 0 0
DATA 137 1456 688905165
ACK 137 0 0
DATA 138 1456 2862264000
ACK 138 0 0
DATA 139 1456 1649919916
ACK 139 0 0
DATA 140 1456 688905165
ACK 140 0 0
DATA 141 1456 2862264000
ACK 141 0 0
DATA 142 1456 1649919916
ACK 142 0 0
DATA 143 1456 688905165
ACK 143 0 0
DATA 144 1456 2862264000
ACK 144 0 0
DATA 145 1456 1649919916
ACK 145 0 0
DATA 146 1456 688905165
ACK 146 0 0
DATA 147 1456 2862264000
ACK 147 0 0
DATA 148 1456 1649919916
ACK 148 0 0
DATA 149 1456 688905165
ACK 149 0 0
DATA 150 1456 2862264000
ACK 150 0 0
DATA 151 1456 1649919916
ACK 151 0 0
DATA 152 1456 688905165
ACK 152 0 0
DATA 153 1456 2862264000
ACK 153 0 0
DATA 154 1456 1649919916
ACK 154 0 0
DATA 155 1456 688905165
ACK 155 0 0
DATA 156 1456 2862264000
ACK 156 0 0
DATA 157 1456 1649919916
ACK 157 0 0
DATA 158 1456 688905165
ACK 158 0 0
DATA 159 1456 2862264000
ACK 159 0 0
DATA 160 1456 1649919916
ACK 160 0 0
DATA 161 1456 688905165
ACK 161 0 0
DATA 162 1456 2862264000
ACK 162 0 0
DATA 163 1456 1649919916
ACK 163 0 0
DATA 164 1456 688905165
ACK 164 0 0
DATA 165 1456 2862264000
ACK 165 0 0
DATA 166 1456 1649919916
ACK 166 0 0
DATA 167 1456 688905165
ACK 167 0 0
DATA 168 1456 2862264000
ACK 168 0 0
DATA 169 1456 1649919916
ACK 169 0 0
DATA 170 1456 688905165
ACK 170 0 0
DATA 171 1456 2862264000
ACK 171 0 0
DATA 172 1456 1649919916
ACK 172 0 0
DATA 173 1456 688905165
ACK 173 0 0
DATA 174 1456 2862264000
ACK 174 0 0
DATA 175 1456 1649919916
ACK 175 0 0
DATA 176 1456 688905165
ACK 176 0 0
DATA 177 1456 2862264000
ACK 177 0 0
DATA 178 1456 1649919916
ACK 178 0 0
DATA 179 1456 688905165
ACK 179 0 0
DATA 180 1456 2862264000
ACK 180 0 0
DATA 181 1456 1649919916
ACK 181 0 0
DATA 182 1456 688905165
ACK 182 0 0
DATA 183 1456 2862264000
ACK 183 0 0
DATA 184 1456 1649919916
ACK 184 0 0
DATA 185 1456 688905165
ACK 185 0 0
DATA 186 1456 2862264000
ACK 186 0 0
DATA 187 1456 1649919916
ACK 187 0 0
DATA 188 1456 688905165
ACK 188 0 0
DATA 189 1456 2862264000
ACK 189 0 0
DATA 190 1456 1649919916
ACK 190 0 0
DATA 191 1456 688905165
ACK 191 0 0
DATA 192 1456 2862264000
ACK 192 0 0
DATA 193 1456 1649919916
ACK 193 0 0
DATA 194 1456 688905165
ACK 194 0 0
DATA 195 1456 2862264000
ACK 195 0 0
DATA 196 1456 1649919916
ACK 196 0 0
DATA 197 1456 688905165
ACK 197 0 0
DATA 198 1456 2862264000
ACK 198 0 0
DATA 199 1456 1649919916
ACK 199 0 0
DATA 200 1456 688905165
ACK 200 0 0
DATA 201 1456 2862264000
ACK 201 0 0
DATA 202 1456 1649919916
ACK 202 0 0
DATA 203 1456 688905165
ACK 203 0 0
DATA 204 1456 2862264000
ACK 204 0 0
DATA 205 1456 1649919916
ACK 205 0 0
DATA 206 1456 688905165
ACK 206 0 0
DATA 207 1456 2862264000
ACK 207 0 0
DATA 208 1456 1649919916
ACK 208 0 0
DATA 209 1456 688905165
ACK 209 0 0
DATA 210 1456 2862264000
ACK 210 0 0
DATA 211 1456 1649919916
ACK 211 0 0
DATA 212 1456 688905165
ACK 212 0 0
DATA 213 1456 2862264000
ACK 213 0 0
DATA 214 1456 1649919916
ACK 214 0 0
DATA 215 1456 688905165
ACK 215 0 0
DATA 216 1456 2862264000
ACK 216 0 0
DATA 217 1456 1649919916
ACK 217 0 0
DATA 218 1456 688905165
ACK 218 0 0
DATA 219 1456 2862264000
ACK 219 0 0
DATA 220 1456 1649919916
ACK 220 0 0
DATA 221 1456 688905165
ACK 221 0 0
DATA 222 1456 2862264000
ACK 222 0 0
DATA 223 1456 1649919916
ACK 223 0 0
DATA 224 1456 688905165
ACK 224 0 0
DATA 225 1456 2862264000
ACK 225 0 0
DATA 226 1456 1649919916
ACK 226 0 0
DATA 227 1456 688905165
ACK 227 0 0
DATA 228 1456 2862264000
ACK 228 0 0
DATA 229 1456 1649919916
ACK 229 0 0
DATA 230 1456 688905165
ACK 230 0 0
DATA 231 1456 2862264000
ACK 231 0 0
DATA 232 1456 1649919916
ACK 232 0 0
DATA 233 1456 688905165
ACK 233 0 0
DATA 234 1456 2862264000
ACK 234 0 0
DATA 235 1456 1649919916
ACK 235 0 0
DATA 236 1456 688905165
ACK 236 0 0
DATA 237 1456 2862264000
ACK 237 0 0
DATA 238 1456 1649919916
ACK 238 0 0
DATA 239 1456 688905165
ACK 239 0 0
DATA 240 1456 2862264000
ACK 240 0 0
DATA 241 1456 1649919916
ACK 241 0 0
DATA 242 1456 688905165
ACK 242 0 0
DATA 243 1456 2862264000
ACK 243 0 0
DATA 244 1456 1649919916
ACK 244 0 0
DATA 245 1456 688905165
ACK 245 0 0
DATA 246 1456 2862264000
ACK 246 0 0
DATA 247 1456 1649919916
ACK 247 0 0
DATA 248 1456 688905165
ACK 248 0 0
DATA 249 1456 2862264000
ACK 249 0 0
DATA 250 1456 1649919916
ACK 250 0 0
DATA 251 1456 688905165
ACK 251 0 0
DATA 252 1456 2862264000
ACK 252 0 0
DATA 253 1456 1649919916
ACK 253 0 0
DATA 254 1456 688905165
ACK 254 0 0
DATA 255 1456 2862264000
ACK 255 0 0
DATA 256 1456 1649919916
ACK 256 0 0
DATA 257 1456 688905165
ACK 257 0 0
DATA 258 1456 2862264000
ACK 258 0 0
DATA 259 1456 1649919916
ACK 259 0 0
DATA 260 1456 688905165
ACK 260 0 0
DATA 261 1456 2862264000
ACK 261 0 0
DATA 262 1456 1649919916
ACK 262 0 0
DATA 263 1456 688905165
ACK 263 0 0
DATA 264 1456 2862264000
ACK 264 0 0
DATA 265 1456 1649919916
ACK 265 0 0
DATA 266 1456 688905165
ACK 266 0 0
DATA 267 1456 2862264000
ACK 267 0 0
DATA 268 1456 1649919916
ACK 268 0 0
DATA 269 1456 688905165
ACK 269 0 0
DATA 270 1456 2862264000
ACK 270 0 0
DATA 271 1456 1649919916
ACK 271 0 0
DATA 272 1456 688905165
ACK 272 0 0
DATA 273 1456 2862264000
ACK 273 0 0
DATA 274 1456 1649919916
ACK 274 0 0
DATA 275 1456 688905165
ACK 275 0 0
DATA 276 1456 2862264000
ACK 276 0 0
DATA 277 1456 1649919916
ACK 277 0 0
DATA 278 1456 688905165
ACK 278 0 0
DATA 279 1456 2862264000
ACK 279 0 0
DATA 280 1456 1649919916
ACK 280 0 0
DATA 281 1456 688905165
ACK 281 0 0
DATA 282 1456 2862264000
ACK 282 0 0
DATA 283 1456 1649919916
ACK 283 0 0
DATA 284 1456 688905165
ACK 284 0 0
DATA 285 1456 2862264000
ACK 285 0 0
DATA 286 1456 1649919916
ACK 286 0 0
DATA 287 1456 688905165
ACK 287 0 0
DATA 288 1456 2862264000
ACK 288 0 0
DATA 289 1456 1649919916
ACK 289 0 0
DATA 290 1456 688905165
ACK 290 0 0
DATA 291 1456 2862264000
ACK 291 0 0
DATA 292 1456 1649919916
ACK 292 0 0
DATA 293 1456 688905165
ACK 293 0 0
DATA 294 1456 2862264000
ACK 294 0 0
DATA 295 1456 1649919916
ACK 295 0 0
DATA 296 1456 688905165
ACK 296 0 0
DATA 297 1456 2862264000
ACK 297 0 0
DATA 298 1456 1649919916
ACK 298 0 0
DATA 299 1456 688905165
ACK 299 0 0
DATA 300 1456 2862264000
ACK 300 0 0
DATA 301 1456 1649919916
ACK 301 0 0
DATA 302 1456 688905165
ACK 302 0 0
DATA 303 1456 2862264000
ACK 303 0 0
DATA 304 1456 1649919916
ACK 304 0 0
DATA 305 1456 688905165
ACK 305 0 0
DATA 306 1456 2862264000
ACK 306 0 0
DATA 307 1456 1649919916
ACK 307 0 0
DATA 308 1456 688905165
ACK 308 0 0
DATA 309 1456 2862264000
ACK 309 0 0
DATA 310 1456 1649919916
ACK 310 0 0
DATA 311 1456 688905165
ACK 311 0 0
DATA 312 1456 2862264000
ACK 312 0 0
DATA 313 1456 1649919916
ACK 313 0 0
DATA 314 1456 688905165
ACK 314 0 0
DATA 315 1456 2862264000
ACK 315 0 0
DATA 316 1456 1649919916
ACK 316 0 0
DATA 317 1456 688905165
ACK 317 0 0
DATA 318 1456 2862264000
ACK 318 0 0
DATA 319 1456 1649919916
ACK 319 0 0
DATA 320 1456 688905165
ACK 320 0 0
DATA 321 1456 2862264000
ACK 321 0 0
DATA 322 1456 1649919916
ACK 322 0 0
DATA 323 1456 688905165
ACK 323 0 0
DATA 324 1456 2862264000
ACK 324 0 0
DATA 325 1456 1649919916
ACK 325 0 0
DATA 326 1456 688905165
ACK 326 0 0
DATA 327 1456 2862264000
ACK 327 0 0
DATA 328 1456 1649919916
ACK 328 0 0
DATA 329 1456 688905165
ACK 329 0 0
DATA 330 1456 2862264000
ACK 330 0 0
DATA 331 1456 1649919916
ACK 331 0 0
DATA 332 1456 688905165
ACK 332 0 0
DATA 333 1456 2862264000
ACK 333 0 0
DATA 334 1456 1649919916
ACK 334 0 0
DATA 335 1456 688905165
ACK 335 0 0
DATA 336 1456 2862264000
ACK 336 0 0
DATA 337 1456 1649919916
ACK 337 0 0
DATA 338 1456 688905165
ACK 338 0 0
DATA 339 1456 2862264000
ACK 339 0 0
DATA 340 1456 1649919916
ACK 340 0 0
DATA 341 1456 688905165
ACK 341 0 0
DATA 342 1456 2862264000
ACK 342 0 0
DATA 343 1456 1649919916
ACK 343 0 0
DATA 344 1456 688905165
ACK 344 0 0
DATA 345 1456 2862264000
ACK 345 0 0
DATA 346 1456 1649919916
ACK 346 0 0
DATA 347 1456 688905165
ACK 347 0 0
DATA 348 1456 2862264000
ACK 348 0 0
DATA 349 1456 1649919916
ACK 349 0 0
DATA 350 1456 688905165
ACK 350 0 0
DATA 351 1456 2862264000
ACK 351 0 0
DATA 352 1456 1649919916
ACK 352 0 0
DATA 353 1456 688905165
ACK 353 0 0
DATA 354 1456 2862264000
ACK 354 0 0
DATA 355 1456 1649919916
ACK 355 0 0
DATA 356 1456 688905165
ACK 356 0 0
DATA 357 1456 2862264000
ACK 357 0 0
DATA 358 1456 1649919916
ACK 358 0 0
DATA 359 1456 688905165
ACK 359 0 0
DATA 360 1456 2862264000
ACK 360 0 0
DATA 361 1456 1649919916
ACK 361 0 0
DATA 362 1456 688905165
ACK 362 0 0
DATA 363 1456 2862264000
ACK 363 0 0
DATA 364 1456 1649919916
ACK 364 0 0
DATA 365 1456 688905165
ACK 365 0 0
DATA 366 1456 2862264000
ACK 366 0 0
DATA 367 1456 1649919916
ACK 367 0 0
DATA 368 1456 688905165
ACK 368 0 0
DATA 369 1456 2862264000
ACK 369 0 0
DATA 370 1456 1649919916
ACK 370 0 0
DATA 371 1456 688905165
ACK 371 0 0
DATA 372 1456 2862264000
ACK 372 0 0
DATA 373 1456 1649919916
ACK 373 0 0
DATA 374 1456 688905165
ACK 374 0 0
DATA 375 1456 2862264000
ACK 375 0 0
DATA 376 1456 1649919916
ACK 376 0 0
DATA 377 1456 688905165
ACK 377 0 0
DATA 378 1456 2862264000
ACK 378 0 0
DATA 379 1456 1649919916
ACK 379 0 0
DATA 380 1456 688905165
ACK 380 0 0
DATA 381 1456 2862264000
ACK 381 0 0
DATA 382 1456 1649919916
ACK 382 0 0
DATA 383 1456 688905165
ACK 383 0 0
DATA 384 1456 2862264000
ACK 384 0 0
DATA 385 1456 1649919916
ACK 385 0 0
DATA 386 1456 688905165
ACK 386 0 0
DATA 387 1456 2862264000
ACK 387 0 0
DATA 388 1456 1649919916
ACK 388 0 0
DATA 389 1456 688905165
ACK 389 0 0
DATA 390 1456 2862264000
ACK 390 0 0
DATA 391 1456 1649919916
ACK 391 0 0
DATA 392 1456 688905165
ACK 392 0 0
DATA 393 1456 2862264000
ACK 393 0 0
DATA 394 1456 1649919916
ACK 394 0 0
DATA 395 1456 688905165
ACK 395 0 0
DATA 396 1456 2862264000
ACK 396 0 0
DATA 397 1456 1649919916
ACK 397 0 0
DATA 398 1456 688905165
ACK 398 0 0
DATA 399 1456 2862264000
ACK 399 0 0
DATA 400 1456 1649919916
ACK 400 0 0
DATA 401 1456 688905165
ACK 401 0 0
DATA 402 1456 2862264000
ACK 402 0 0
DATA 403 1456 1649919916
ACK 403 0 0
DATA 404 1456 688905165
ACK 404 0 0
DATA 405 1456 2862264000
ACK 405 0 0
DATA 406 1456 1649919916
ACK 406 0 0
DATA 407 1456 688905165
ACK 407 0 0
DATA 408 1456 2862264000
ACK 408 0 0
DATA 409 1456 1649919916
ACK 409 0 0
DATA 410 1456 688905165
ACK 410 0 0
DATA 411 1456 2862264000
ACK 411 0 0
DATA 412 1456 1649919916
ACK 412 0 0
DATA 413 1456 688905165
ACK 413 0 0
DATA 414 1456 2862264000
ACK 414 0 0
DATA 415 1456 1649919916
ACK 415 0 0
DATA 416 1456 688905165
ACK 416 0 0
DATA 417 1456 2862264000
ACK 417 0 0
DATA 418 1456 1649919916
ACK 418 0 0
DATA 419 1456 688905165
ACK 419 0 0
DATA 420 1456 2862264000
ACK 420 0 0
DATA 421 1456 1649919916
ACK 421 0 0
DATA 422 1456 688905165
ACK 422 0 0
DATA 423 1456 2862264000
ACK 423 0 0
DATA 424 1456 1649919916
ACK 424 0 0
DATA 425 1456 688905165
ACK 425 0 0
DATA 426 1456 2862264000
ACK 426 0 0
DATA 427 1456 1649919916
ACK 427 0 0
DATA 428 1456 688905165
ACK 428 0 0
DATA 429 1456 2862264000
ACK 429 0 0
DATA 430 1456 1649919916
ACK 430 0 0
DATA 431 1456 688905165
ACK 431 0 0
DATA 432 1456 2862264000
ACK 432 0 0
DATA 433 1456 1649919916
ACK 433 0 0
DATA 434 1456 688905165
ACK 434 0 0
DATA 435 1456 2862264000
ACK 435 0 0
DATA 436 1456 1649919916
ACK 436 0 0
DATA 437 1456 688905165
ACK 437 0 0
DATA 438 1456 2862264000
ACK 438 0 0
DATA 439 1456 1649919916
ACK 439 0 0
DATA 440 1456 688905165
ACK 440 0 0
DATA 441 1456 2862264000
ACK 441 0 0
DATA 442 1456 1649919916
ACK 442 0 0
DATA 443 1456 688905165
ACK 443 0 0
DATA 444 1456 2862264000
ACK 444 0 0
DATA 445 1456 1649919916
ACK 445 0 0
DATA 446 1456 688905165
ACK 446 0 0
DATA 447 1456 2862264000
ACK 447 0 0
DATA 448 1456 1649919916
ACK 448 0 0
DATA 449 1456 688905165
ACK 449 0 0
DATA 450 1456 2862264000
ACK 450 0 0
DATA 451 1456 1649919916
ACK 451 0 0
DATA 452 1456 688905165
ACK 452 0 0
DATA 453 1456 2862264000
ACK 453 0 0
DATA 454 1456 1649919916
ACK 454 0 0
DATA 455 1456 688905165
ACK 455 0 0
DATA 456 1456 2862264000
ACK 456 0 0
DATA 457 1456 1649919916
ACK 457 0 0
DATA 458 1456 688905165
ACK 458 0 0
DATA 459 1456 2862264000
ACK 459 0 0
DATA 460 1456 1649919916
ACK 460 0 0
DATA 461 1456 688905165
ACK 461 0 0
DATA 462 1456 2862264000
ACK 462 0 0
DATA 463 1456 1649919916
ACK 463 0 0
DATA 464 1456 688905165
ACK 464 0 0
DATA 465 1456 2862264000
ACK 465 0 0
DATA 466 1456 1649919916
ACK 466 0 0
DATA 467 1456 688905165
ACK 467 0 0
DATA 468 1456 2862264000
ACK 468 0 0
DATA 469 1456 1649919916
ACK 469 0 0
DATA 470 1456 688905165
ACK 470 0 0
DATA 471 1456 2862264000
ACK 471 0 0
DATA 472 1456 1649919916
ACK 472 0 0
DATA 473 1456 688905165
ACK 473 0 0
DATA 474 1456 2862264000
ACK 474 0 0
DATA 475 1456 1649919916
ACK 475 0 0
DATA 476 1456 688905165
ACK 476 0 0
DATA 477 1456 2862264000
ACK 477 0 0
DATA 478 1456 1649919916
ACK 478 0 0
DATA 479 1456 688905165
ACK 479 0 0
DATA 480 1456 2862264000
ACK 480 0 0
DATA 481 1456 1649919916
ACK 481 0 0
DATA 482 1456 688905165
ACK 482 0 0
DATA 483 1456 2862264000
ACK 483 0 0
DATA 484 1456 1649919916
ACK 484 0 0
DATA 485 1456 688905165
ACK 485 0 0
DATA 486 1456 2862264000
ACK 486 0 0
DATA 487 1456 1649919916
ACK 487 0 0
DATA 488 1456 688905165
ACK 488 0 0
DATA 489 1456 2862264000
ACK 489 0 0
DATA 490 1456 1649919916
ACK 490 0 0
DATA 491 1456 688905165
ACK 491 0 0
DATA 492 1456 2862264000
ACK 492 0 0
DATA 493 1456 1649919916
ACK 493 0 0
DATA 494 1456 688905165
ACK 494 0 0
DATA 495 1456 2862264000
ACK 495 0 0
DATA 496 1456 1649919916
ACK 496 0 0
DATA 497 1456 688905165
ACK 497 0 0
DATA 498 1456 2862264000
ACK 498 0 0
DATA 499 1456 1649919916
ACK 499 0 0
DATA 500 1456 688905165
ACK 500 0 0
DATA 501 1456 2862264000
ACK 501 0 0
DATA 502 1456 1649919916
ACK 502 0 0
DATA 503 1456 688905165
ACK 503 0 0
DATA 504 1456 2862264000
ACK 504 0 0
DATA 505 1456 1649919916
ACK 505 0 0
DATA 506 1456 688905165
ACK 506 0 0
DATA 507 1456 2862264000
ACK 507 0 0
DATA 508 1456 1649919916
ACK 508 0 0
DATA 509 1456 688905165
ACK 509 0 0
DATA 510 1456 2862264000
ACK 510 0 0
DATA 511 1456 1649919916
ACK 511 0 0
DATA 512 1456 688905165
ACK 512 0 0
DATA 513 1456 2862264000
ACK 513 0 0
DATA 514 1456 1649919916
ACK 514 0 0
DATA 515 1456 688905165
ACK 515 0 0
DATA 516 1456 2862264000
ACK 516 0 0
DATA 517 1456 1649919916
ACK 517 0 0
DATA 518 1456 688905165
ACK 518 0 0
DATA 519 1456 2862264000
ACK 519 0 0
DATA 520 1456 1649919916
ACK 520 0 0
DATA 521 1456 688905165
ACK 521 0 0
DATA 522 1456 2862264000
ACK 522 0 0
DATA 523 1456 1649919916
ACK 523 0 0
DATA 524 1456 688905165
ACK 524 0 0
DATA 525 1456 2862264000
ACK 525 0 0
DATA 526 1456 1649919916
ACK 526 0 0
DATA 527 1456 688905165
ACK 527 0 0
DATA 528 1456 2862264000
ACK 528 0 0
DATA 529 1456 1649919916
ACK 529 0 0
DATA 530 1456 688905165
ACK 530 0 0
DATA 531 1456 2862264000
ACK 531 0 0
DATA 532 1456 1649919916
ACK 532 0 0
DATA 533 1456 688905165
ACK 533 0 0
DATA 534 1456 2862264000
ACK 534 0 0
DATA 535 1456 1649919916
ACK 535 0 0
DATA 536 1456 688905165
ACK 536 0 0
DATA 537 1456 2862264000
ACK 537 0 0
DATA 538 1456 1649919916
ACK 538 0 0
DATA 539 1456 688905165
ACK 539 0 0
DATA 540 1456 2862264000
ACK 540 0 0
DATA 541 1456 1649919916
ACK 541 0 0
DATA 542 1456 688905165
ACK 542 0 0
DATA 543 1456 2862264000
ACK 543 0 0
DATA 544 1456 1649919916
ACK 544 0 0
DATA 545 1456 688905165
ACK 545 0 0
DATA 546 1456 2862264000
ACK 546 0 0
DATA 547 1456 1649919916
ACK 547 0 0
DATA 548 1456 688905165
ACK 548 0 0
DATA 549 1456 2862264000
ACK 549 0 0
DATA 550 1456 1649919916
ACK 550 0 0
DATA 551 1456 688905165
ACK 551 0 0
DATA 552 1456 2862264000
ACK 552 0 0
DATA 553 1456 1649919916
ACK 553 0 0
DATA 554 1456 688905165
ACK 554 0 0
DATA 555 1456 2862264000
ACK 555 0 0
DATA 556 1456 1649919916
ACK 556 0 0
DATA 557 1456 688905165
ACK 557 0 0
DATA 558 1456 2862264000
ACK 558 0 0
DATA 559 1456 1649919916
ACK 559 0 0
DATA 560 1456 688905165
ACK 560 0 0
DATA 561 1456 2862264000
ACK 561 0 0
DATA 562 1456 1649919916
ACK 562 0 0
DATA 563 1456 688905165
ACK 563 0 0
DATA 564 1456 2862264000
ACK 564 0 0
DATA 565 1456 1649919916
ACK 565 0 0
DATA 566 1456 688905165
ACK 566 0 0
DATA 567 1456 2862264000
ACK 567 0 0
DATA 568 1456 1649919916
ACK 568 0 0
DATA 569 1456 688905165
ACK 569 0 0
DATA 570 1456 2862264000
ACK 570 0 0
DATA 571 1456 1649919916
ACK 571 0 0
DATA 572 1456 688905165
ACK 572 0 0
DATA 573 1456 2862264000
ACK 573 0 0
DATA 574 1456 1649919916
ACK 574 0 0
DATA 575 1456 688905165
ACK 575 0 0
DATA 576 1456 2862264000
ACK 576 0 0
DATA 577 1456 1649919916
ACK 577 0 0
DATA 578 1456 688905165
ACK 578 0 0
DATA 579 1456 2862264000
ACK 579 0 0
DATA 580 1456 1649919916
ACK 580 0 0
DATA 581 1456 688905165
ACK 581 0 0
DATA 582 1456 2862264000
ACK 582 0 0
DATA 583 1456 1649919916
ACK 583 0 0
DATA 584 1456 688905165
ACK 584 0 0
DATA 585 1456 2862264000
ACK 585 0 0
DATA 586 1456 1649919916
ACK 586 0 0
DATA 587 1456 688905165
ACK 587 0 0
DATA 588 1456 2862264000
ACK 588 0 0
DATA 589 1456 1649919916
ACK 589 0 0
DATA 590 1456 688905165
ACK 590 0 0
DATA 591 1456 2862264000
ACK 591 0 0
DATA 592 1456 1649919916
ACK 592 0 0
DATA 593 1456 688905165
ACK 593 0 0
DATA 594 1456 2862264000
ACK 594 0 0
DATA 595 1456 1649919916
ACK 595 0 0
DATA 596 1456 688905165
ACK 596 0 0
DATA 597 1456 2862264000
ACK 597 0 0
DATA 598 1456 1649919916
ACK 598 0 0
DATA 599 1456 688905165
ACK 599 0 0
DATA 600 1456 2862264000
ACK 600 0 0
DATA 601 1456 1649919916
ACK 601 0 0
DATA 602 1456 688905165
ACK 602 0 0
DATA 603 1456 2862264000
ACK 603 0 0
DATA 604 1456 1649919916
ACK 604 0 0
DATA 605 1456 688905165
ACK 605 0 0
DATA 606 1456 2862264000
ACK 606 0 0
DATA 607 1456 1649919916
ACK 607 0 0
DATA 608 1456 688905165
ACK 608 0 0
DATA 609 1456 2862264000
ACK 609 0 0
DATA 610 1456 1649919916
ACK 610 0 0
DATA 611 1456 688905165
ACK 611 0 0
END 4189747003 0 0
ACK 4189747003 0 0
START 461483578 0 0
ACK 461483578 0 0
DATA 0 1456 2862264000
ACK 0 0 0
DATA 1 1456 1649919916
ACK 1 0 0
DATA 2 1456 688905165
ACK 2 0 0
DATA 3 1456 2862264000
ACK 3 0 0
DATA 4 1456 1649919916
ACK 4 0 0
DATA 5 1456 688905165
ACK 5 0 0
DATA 6 1456 2862264000
ACK 6 0 0
DATA 7 1456 1649919916
ACK 7 0 0
DATA 8 1456 688905165
ACK 8 0 0
DATA 9 1456 2862264000
ACK 9 0 0
DATA 10 1456 1649919916
ACK 10 0 0
DATA 11 1456 688905165
ACK 11 0 0
DATA 12 1456 2862264000
ACK 12 0 0
DATA 13 1456 1649919916
ACK 13 0 0
DATA 14 1456 688905165
ACK 14 0 0
DATA 15 1456 2862264000
ACK 15 0 0
DATA 16 1456 1649919916
ACK 16 0 0
DATA 17 1456 688905165
ACK 17 0 0
DATA 18 1456 2862264000
ACK 18 0 0
DATA 19 1456 1649919916
ACK 19 0 0
DATA 20 1456 688905165
ACK 20 0 0
DATA 21 1456 2862264000
ACK 21 0 0
DATA 22 1456 1649919916
ACK 22 0 0
DATA 23 1456 688905165
ACK 23 0 0
DATA 24 1456 2862264000
ACK 24 0 0
DATA 25 1456 1649919916
ACK 25 0 0
DATA 26 1456 688905165
ACK 26 0 0
DATA 27 1456 2862264000
ACK 27 0 0
DATA 28 1456 1649919916
ACK 28 0 0
DATA 29 1456 688905165
ACK 29 0 0
DATA 30 1456 2862264000
ACK 30 0 0
DATA 31 1456 1649919916
ACK 31 0 0
DATA 32 1456 688905165
ACK 32 0 0
DATA 33 1456 2862264000
ACK 33 0 0
DATA 34 1456 1649919916
ACK 34 0 0
DATA 35 1456 688905165
ACK 35 0 0
DATA 36 1456 2862264000
ACK 36 0 0
DATA 37 1456 1649919916
ACK 37 0 0
DATA 38 1456 688905165
ACK 38 0 0
DATA 39 1456 2862264000
ACK 39 0 0
DATA 40 1456 1649919916
ACK 40 0 0
DATA 41 1456 688905165
ACK 41 0 0
DATA 42 1456 2862264000
ACK 42 0 0
DATA 43 1456 1649919916
ACK 43 0 0
DATA 44 1456 688905165
ACK 44 0 0
DATA 45 1456 2862264000
ACK 45 0 0
DATA 46 1456 1649919916
ACK 46 0 0
DATA 47 1456 688905165
ACK 47 0 0
DATA 48 1456 2862264000
ACK 48 0 0
DATA 49 1456 1649919916
ACK 49 0 0
DATA 50 1456 688905165
ACK 50 0 0
DATA 51 1456 2862264000
ACK 51 0 0
DATA 52 1456 1649919916
ACK 52 0 0
DATA 53 1456 688905165
ACK 53 0 0
DATA 54 1456 2862264000
ACK 54 0 0
DATA 55 1456 1649919916
ACK 55 0 0
DATA 56 1456 688905165
ACK 56 0 0
DATA 57 1456 2862264000
ACK 57 0 0
DATA 58 1456 1649919916
ACK 58 0 0
DATA 59 1456 688905165
ACK 59 0 0
DATA 60 1456 2862264000
ACK 60 0 0
DATA 61 1456 1649919916
ACK 61 0 0
DATA 62 1456 688905165
ACK 62 0 0
DATA 63 1456 2862264000
ACK 63 0 0
DATA 64 1456 1649919916
ACK 64 0 0
DATA 65 1456 688905165
ACK 65 0 0
DATA 66 1456 2862264000
ACK 66 0 0
DATA 67 1456 1649919916
ACK 67 0 0
DATA 68 1456 688905165
ACK 68 0 0
DATA 69 1456 2862264000
ACK 69 0 0
DATA 70 1456 1649919916
ACK 70 0 0
DATA 71 1456 688905165
ACK 71 0 0
END 461483578 0 0
ACK 461483578 0 0
START 3707905554 0 0
ACK 3707905554 0 0
DATA 0 1456 2862264000
ACK 0 0 0
DATA 1 1456 1649919916
ACK 1 0 0
DATA 2 1456 688905165
ACK 2 0 0
DATA 3 1456 2862264000
ACK 3 0 0
DATA 4 1456 1649919916
ACK 4 0 0
DATA 5 1456 688905165
ACK 5 0 0
DATA 6 1456 2862264000
ACK 6 0 0
DATA 7 1456 1649919916
ACK 7 0 0
DATA 8 1456 688905165
ACK 8 0 0
DATA 9 1456 2862264000
ACK 9 0 0
DATA 10 1456 1649919916
ACK 10 0 0
DATA 11 1456 688905165
ACK 11 0 0
DATA 12 1456 2862264000
ACK 12 0 0
DATA 13 1456 1649919916
ACK 13 0 0
DATA 14 1456 688905165
ACK 14 0 0
DATA 15 1456 2862264000
ACK 15 0 0
DATA 16 1456 1649919916
ACK 16 0 0
DATA 17 520 934327233
ACK 17 0 0
END 3707905554 0 0
ACK 3707905554 0 0
START 282542973 0 0
ACK 282542973 0 0
DATA 0 1456 2862264000
ACK 0 0 0
DATA 1 1456 1649919916
ACK 1 0 0
DATA 2 1456 688905165
ACK 2 0 0
DATA 3 1456 2862264000
ACK 3 0 0
DATA 4 1456 1649919916
ACK 4 0 0
DATA 5 1456 688905165
ACK 5 0 0
DATA 6 1456 2862264000
ACK 6 0 0
DATA 7 1456 1649919916
ACK 7 0 0
DATA 8 1456 688905165
ACK 8 0 0
DATA 9 1456 2862264000
ACK 9 0 0
DATA 10 1456 1649919916
ACK 10 0 0
DATA 11 1456 688905165
ACK 11 0 0
DATA 12 1456 1795570307
ACK 12 0 0
DATA 13 1456 1968697659
ACK 13 0 0
DATA 14 1456 1472239153
ACK 14 0 0
DATA 15 1456 2933083681
ACK 15 0 0
DATA 16 1456 3683443796
ACK 16 0 0
DATA 17 382 3375299825
ACK 17 0 0
END 282542973 0 0
ACK 282542973 0 0
