hello world! this is a logn picehello world! this is a logn pice of text hello world! this is a logn pice of text hello world! this is a logn pice of text 
hello world! this is a logn picehello world! this is a logn pice of text hello world! this is a logn pice of text hello world! this is a logn pice of text 
hello world! this is a logn picehello world! this is a logn pice of text hello world! this is a logn pice of text hello world! this is a logn pice of text 
hello world! this is a logn picehello world! this is a logn pice of text hello world! this is a logn pice of text hello world! this is a logn pice of text 
hello world! this is a logn picehello world! this is a logn pice of text hello world! this is a logn pice of text hello world! this is a logn pice of text 
hello world! this is a logn picehello world! this is a logn pice of text hello world! this is a logn pice of text hello world! this is a logn pice of text 
hello world! this is a logn picehello world! this is a logn pice of text hello world! this is a logn pice of text hello world! this is a logn pice of text 
hello world! this is a logn picehello world! this is a logn pice of text hello world! this is a logn pice of text hello world! this is a logn pice of text 
hello world! this is a logn picehello world! this is a logn pice of text hello world! this is a logn pice of text hello world! this is a logn pice of text 
hello world! this is a logn picehello world! this is a logn pice of text hello world! this is a logn pice of text hello world! this is a logn pice of text 
hello world! this is a logn picehello world! this is a logn pice of text hello world! this is a logn pice of text hello world! this is a logn pice of text 
hello world! this is a logn picehello world! this is a logn pice of text hello world! this is a logn pice of text hello world! this is a logn pice of text 
hello world! this is a logn picehello world! this is a logn pice of text hello world! this is a logn pice of text hello world! this is a logn pice of text 
hello world! this is a logn picehello world! this is a logn pice of text hello world! this is a logn pice of text hello world! this is a logn pice of text 
hello world! this is a logn picehello world! this is a logn pice of text hello world! this is a logn pice of text hello world! this is a logn pice of text 
hello world! this is a logn picehello world! this is a logn pice of text hello world! this is a logn pice of text hello world! this is a logn pice of text 
hello world! this is a logn picehello world! this is a logn pice of text hello world! this is a logn pice of text hello world! this is a logn pice of text 
hello world! this is a logn picehello world! this is a logn pice of text hello world! this is a logn pice of text hello world! this is a logn pice of text 
hello world! this is a logn picehello world! this is a logn pice of text hello world! this is a logn pice of text hello world! this is a logn pice of text 
hello world! this is a logn picehello world! this is a logn pice of text hello world! this is a logn pice of text hello world! this is a logn pice of text 
hello world! this is a logn picehello world! this is a logn pice of text hello world! this is a logn pice of text hello world! this is a logn pice of text 
hello world! this is a logn picehello world! this is a logn pice of text hello world! this is a logn pice of text hello world! this is a logn pice of text 
hello world! this is a logn picehello world! this is a logn pice of text hello world! this is a logn pice of text hello world! this is a logn pice of text 
hello world! this is a logn picehello world! this is a logn pice of text hello world! this is a logn pice of text hello world! this is a logn pice of text 
hello world! this is a logn picehello world! this is a logn pice of text hello world! this is a logn pice of text hello world! this is a logn pice of text 
hello world! this is a logn picehello world! this is a logn pice of text hello world! this is a logn pice of text hello world! this is a logn pice of text 
hello world! this is a logn picehello world! this is a logn pice of text hello world! this is a logn pice of text hello world! this is a logn pice of text 
hello world! this is a logn picehello world! this is a logn pice of text hello world! this is a logn pice of text hello world! this is a logn pice of text 
hello world! this is a logn picehello world! this is a logn pice of text hello world! this is a logn pice of text hello world! this is a logn pice of text 
hello world! this is a logn picehello world! this is a logn pice of text hello world! this is a logn pice of text hello world! this is a logn pice of text 
hello world! this is a logn picehello world! this is a logn pice of text hello world! this is a logn pice of text hello world! this is a logn pice of text 
hello world! this is a logn picehello world! this is a logn pice of text hello world! this is a logn pice of text hello world! this is a logn pice of text 
hello world! this is a logn picehello world! this is a logn pice of text hello world! this is a logn pice of text hello world! this is a logn pice of text 
hello world! this is a logn picehello world! this is a logn pice of text hello world! this is a logn pice of text hello world! this is a logn pice of text 
hello world! this is a logn picehello world! this is a logn pice of text hello world! this is a logn pice of text hello world! this is a logn pice of text 
hello world! this is a logn picehello world! this is a logn pice of text hello world! this is a logn pice of text hello world! this is a logn pice of text 
hello world! this is a logn picehello world! this is a logn pice of text hello world! this is a logn pice of text hello world! this is a logn pice of text 
hello world! this is a logn picehello world! this is a logn pice of text hello world! this is a logn pice of text hello world! this is a logn pice of text 
hello world! this is a logn picehello world! this is a logn pice of text hello world! this is a logn pice of text hello world! this is a logn pice of text 
hello world! this is a logn picehello world! this is a logn pice of text hello world! this is a logn pice of text hello world! this is a logn pice of text 
hello world! this is a logn picehello world! this is a logn pice of text hello world! this is a logn pice of text hello world! this is a logn pice of text 
hello world! this is a logn picehello world! this is a logn pice of text hello world! this is a logn pice of text hello world! this is a logn pice of text 
hello world! this is a logn picehello world! this is a logn pice of text hello world! this is a logn pice of text hello world! this is a logn pice of text 
hello world! this is a logn picehello world! this is a logn pice of text hello world! this is a logn pice of text hello world! this is a logn pice of text 
hello world! this is a logn picehello world! this is a logn pice of text hello world! this is a logn pice of text hello world! this is a logn pice of text 
hello world! this is a logn picehello world! this is a logn pice of text hello world! this is a logn pice of text hello world! this is a logn pice of text 
hello world! this is a logn picehello world! this is a logn pice of text hello world! this is a logn pice of text hello world! this is a logn pice of text 
hello world! this is a logn picehello world! this is a logn pice of text hello world! this is a logn pice of text hello world! this is a logn pice of text 
hello world! this is a logn picehello world! this is a logn pice of text hello world! this is a logn pice of text hello world! this is a logn pice of text 
hello world! this is a logn picehello world! this is a logn pice of text hello world! this is a logn pice of text hello world! this is a logn pice of text 
hello world! this is a logn picehello world! this is a logn pice of text hello world! this is a logn pice of text hello world! this is a logn pice of text 
hello world! this is a logn picehello world! this is a logn pice of text hello world! this is a logn pice of text hello world! this is a logn pice of text 
hello world! this is a logn picehello world! this is a logn pice of text hello world! this is a logn pice of text hello world! this is a logn pice of text 
hello world! this is a logn picehello world! this is a logn pice of text hello world! this is a logn pice of text hello world! this is a logn pice of text 
hello world! this is a logn picehello world! this is a logn pice of text hello world! this is a logn pice of text hello world! this is a logn pice of text 
hello world! this is a logn picehello world! this is a logn pice of text hello world! this is a logn pice of text hello world! this is a logn pice of text 
hello world! this is a logn picehello world! this is a logn pice of text hello world! this is a logn pice of text hello world! this is a logn pice of text 
hello world! this is a logn picehello world! this is a logn pice of text hello world! this is a logn pice of text hello world! this is a logn pice of text 
hello world! this is a logn picehello world! this is a logn pice of text hello world! this is a logn pice of text hello world! this is a logn pice of text 
hello world! this is a logn picehello world! this is a logn pice of text hello world! this is a logn pice of text hello world! this is a logn pice of text 
hello world! this is a logn picehello world! this is a logn pice of text hello world! this is a logn pice of text hello world! this is a logn pice of text 
hello world! this is a logn picehello world! this is a logn pice of text hello world! this is a logn pice of text hello world! this is a logn pice of text 
hello world! this is a logn picehello world! this is a logn pice of text hello world! this is a logn pice of text hello world! this is a logn pice of text 
hello world! this is a logn picehello world! this is a logn pice of text hello world! this is a logn pice of text hello world! this is a logn pice of text 
hello world! this is a logn picehello world! this is a logn pice of text hello world! this is a logn pice of text hello world! this is a logn pice of text 
hello world! this is a logn picehello world! this is a logn pice of text hello world! this is a logn pice of text hello world! this is a logn pice of text 
hello world! this is a logn picehello world! this is a logn pice of text hello world! this is a logn pice of text hello world! this is a logn pice of text 
hello world! this is a logn picehello world! this is a logn pice of text hello world! this is a logn pice of text hello world! this is a logn pice of text 
hello world! this is a logn picehello world! this is a logn pice of text hello world! this is a logn pice of text hello world! this is a logn pice of text 
hello world! this is a logn picehello world! this is a logn pice of text hello world! this is a logn pice of text hello world! this is a logn pice of text 
hello world! this is a logn picehello world! this is a logn pice of text hello world! this is a logn pice of text hello world! this is a logn pice of text 
hello world! this is a logn picehello world! this is a logn pice of text hello world! this is a logn pice of text hello world! this is a logn pice of text 
hello world! this is a logn picehello world! this is a logn pice of text hello world! this is a logn pice of text hello world! this is a logn pice of text 
hello world! this is a logn picehello world! this is a logn pice of text hello world! this is a logn pice of text hello world! this is a logn pice of text 
hello world! this is a logn picehello world! this is a logn pice of text hello world! this is a logn pice of text hello world! this is a logn pice of text 
hello world! this is a logn picehello world! this is a logn pice of text hello world! this is a logn pice of text hello world! this is a logn pice of text 
hello world! this is a logn picehello world! this is a logn pice of text hello world! this is a logn pice of text hello world! this is a logn pice of text 
hello world! this is a logn picehello world! this is a logn pice of text hello world! this is a logn pice of text hello world! this is a logn pice of text 
hello world! this is a logn picehello world! this is a logn pice of text hello world! this is a logn pice of text hello world! this is a logn pice of text 
hello world! this is a logn picehello world! this is a logn pice of text hello world! this is a logn pice of text hello world! this is a logn pice of text 
hello world! this is a logn picehello world! this is a logn pice of text hello world! this is a logn pice of text hello world! this is a logn pice of text 
hello world! this is a logn picehello world! this is a logn pice of text hello world! this is a logn pice of text hello world! this is a logn pice of text 
hello world! this is a logn picehello world! this is a logn pice of text hello world! this is a logn pice of text hello world! this is a logn pice of text 
hello world! this is a logn picehello world! this is a logn pice of text hello world! this is a logn pice of text hello world! this is a logn pice of text 
hello world! this is a logn picehello world! this is a logn pice of text hello world! this is a logn pice of text hello world! this is a logn pice of text 
hello world! this is a logn picehello world! this is a logn pice of text hello world! this is a logn pice of text hello world! this is a logn pice of text 
hello world! this is a logn picehello world! this is a logn pice of text hello world! this is a logn pice of text hello world! this is a logn pice of text 
hello world! this is a logn picehello world! this is a logn pice of text hello world! this is a logn pice of text hello world! this is a logn pice of text 
hello world! this is a logn picehello world! this is a logn pice of text hello world! this is a logn pice of text hello world! this is a logn pice of text 
hello world! this is a logn picehello world! this is a logn pice of text hello world! this is a logn pice of text hello world! this is a logn pice of text 
hello world! this is a logn picehello world! this is a logn pice of text hello world! this is a logn pice of text hello world! this is a logn pice of text 
hello world! this is a logn picehello world! this is a logn pice of text hello world! this is a logn pice of text hello world! this is a logn pice of text 
hello world! this is a logn picehello world! this is a logn pice of text hello world! this is a logn pice of text hello world! this is a logn pice of text 
hello world! this is a logn picehello world! this is a logn pice of text hello world! this is a logn pice of text hello world! this is a logn pice of text 
hello world! this is a logn picehello world! this is a logn pice of text hello world! this is a logn pice of text hello world! this is a logn pice of text 
hello world! this is a logn picehello world! this is a logn pice of text hello world! this is a logn pice of text hello world! this is a logn pice of text 
hello world! this is a logn picehello world! this is a logn pice of text hello world! this is a logn pice of text hello world! this is a logn pice of text 
hello world! this is a logn picehello world! this is a logn pice of text hello world! this is a logn pice of text hello world! this is a logn pice of text 
hello world! this is a logn picehello world! this is a logn pice of text hello world! this is a logn pice of text hello world! this is a logn pice of text 
hello world! this is a logn picehello world! this is a logn pice of text hello world! this is a logn pice of text hello world! this is a logn pice of text 
hello world! this is a logn picehello world! this is a logn pice of text hello world! this is a logn pice of text hello world! this is a logn pice of text 
hello world! this is a logn picehello world! this is a logn pice of text hello world! this is a logn pice of text hello world! this is a logn pice of text 
hello world! this is a logn picehello world! this is a logn pice of text hello world! this is a logn pice of text hello world! this is a logn pice of text 
hello world! this is a logn picehello world! this is a logn pice of text hello world! this is a logn pice of text hello world! this is a logn pice of text 
hello world! this is a logn picehello world! this is a logn pice of text hello world! this is a logn pice of text hello world! this is a logn pice of text 
hello world! this is a logn picehello world! this is a logn pice of text hello world! this is a logn pice of text hello world! this is a logn pice of text 
hello world! this is a logn picehello world! this is a logn pice of text hello world! this is a logn pice of text hello world! this is a logn pice of text 
hello world! this is a logn picehello world! this is a logn pice of text hello world! this is a logn pice of text hello world! this is a logn pice of text 
hello world! this is a logn picehello world! this is a logn pice of text hello world! this is a logn pice of text hello world! this is a logn pice of text 
hello world! this is a logn picehello world! this is a logn pice of text hello world! this is a logn pice of text hello world! this is a logn pice of text 
hello world! this is a logn picehello world! this is a logn pice of text hello world! this is a logn pice of text hello world! this is a logn pice of text 
hello world! this is a logn picehello world! this is a logn pice of text hello world! this is a logn pice of text hello world! this is a logn pice of text 
hello world! this is a logn picehello world! this is a logn pice of text hello world! this is a logn pice of text hello world! this is a logn pice of text 
hello world! this is a logn picehello world! this is a logn pice of text hello world! this is a logn pice of text hello world! this is a logn pice of text 
hello world! this is a logn picehello world! this is a logn pice of text hello world! this is a logn pice of text hello world! this is a logn pice of text 
hello world! this is a logn picehello world! this is a logn pice of text hello world! this is a logn pice of text hello world! this is a logn pice of text 
hello world! this is a logn picehello world! this is a logn pice of text hello world! this is a logn pice of text hello world! this is a logn pice of text 
hello world! this is a logn picehello world! this is a logn pice of text hello world! this is a logn pice of text hello world! this is a logn pice of text 
hello world! this is a logn picehello world! this is a logn pice of text hello world! this is a logn pice of text hello world! this is a logn pice of text 
hello world! this is a logn picehello world! this is a logn pice of text hello world! this is a logn pice of text hello world! this is a logn pice of text 
hello world! this is a logn picehello world! this is a logn pice of text hello world! this is a logn pice of text hello world! this is a logn pice of text 
hello world! this is a logn picehello world! this is a logn pice of text hello world! this is a logn pice of text hello world! this is a logn pice of text 
hello world! this is a logn picehello world! this is a logn pice of text hello world! this is a logn pice of text hello world! this is a logn pice of text 
hello world! this is a logn picehello world! this is a logn pice of text hello world! this is a logn pice of text hello world! this is a logn pice of text 
hello world! this is a logn picehello world! this is a logn pice of text hello world! this is a logn pice of text hello world! this is a logn pice of text 
hello world! this is a logn picehello world! this is a logn pice of text hello world! this is a logn pice of text hello world! this is a logn pice of text 
hello world! this is a logn picehello world! this is a logn pice of text hello world! this is a logn pice of text hello world! this is a logn pice of text 
hello world! this is a logn picehello world! this is a logn pice of text hello world! this is a logn pice of text hello world! this is a logn pice of text 
hello world! this is a logn picehello world! this is a logn pice of text hello world! this is a logn pice of text hello world! this is a logn pice of text 
hello world! this is a logn picehello world! this is a logn pice of text hello world! this is a logn pice of text hello world! this is a logn pice of text 
hello world! this is a logn picehello world! this is a logn pice of text hello world! this is a logn pice of text hello world! this is a logn pice of text 
hello world! this is a logn picehello world! this is a logn pice of text hello world! this is a logn pice of text hello world! this is a logn pice of text 
hello world! this is a logn picehello world! this is a logn pice of text hello world! this is a logn pice of text hello world! this is a logn pice of text 
hello world! this is a logn picehello world! this is a logn pice of text hello world! this is a logn pice of text hello world! this is a logn pice of text 
hello world! this is a logn picehello world! this is a logn pice of text hello world! this is a logn pice of text hello world! this is a logn pice of text 
hello world! this is a logn picehello world! this is a logn pice of text hello world! this is a logn pice of text hello world! this is a logn pice of text 
hello world! this is a logn picehello world! this is a logn pice of text hello world! this is a logn pice of text hello world! this is a logn pice of text 
hello world! this is a logn picehello world! this is a logn pice of text hello world! this is a logn pice of text hello world! this is a logn pice of text 
hello world! this is a logn picehello world! this is a logn pice of text hello world! this is a logn pice of text hello world! this is a logn pice of text 
hello world! this is a logn picehello world! this is a logn pice of text hello world! this is a logn pice of text hello world! this is a logn pice of text 
hello world! this is a logn picehello world! this is a logn pice of text hello world! this is a logn pice of text hello world! this is a logn pice of text 
hello world! this is a logn picehello world! this is a logn pice of text hello world! this is a logn pice of text hello world! this is a logn pice of text 
hello world! this is a logn picehello world! this is a logn pice of text hello world! this is a logn pice of text hello world! this is a logn pice of text 
hello world! this is a logn picehello world! this is a logn pice of text hello world! this is a logn pice of text hello world! this is a logn pice of text 
hello world! this is a logn picehello world! this is a logn pice of text hello world! this is a logn pice of text hello world! this is a logn pice of text 
hello world! this is a logn picehello world! this is a logn pice of text hello world! this is a logn pice of text hello world! this is a logn pice of text 
hello world! this is a logn picehello world! this is a logn pice of text hello world! this is a logn pice of text hello world! this is a logn pice of text 
hello world! this is a logn picehello world! this is a logn pice of text hello world! this is a logn pice of text hello world! this is a logn pice of text 
hello world! this is a logn picehello world! this is a logn pice of text hello world! this is a logn pice of text hello world! this is a logn pice of text 
hello world! this is a logn picehello world! this is a logn pice of text hello world! this is a logn pice of text hello world! this is a logn pice of text 
hello world! this is a logn picehello world! this is a logn pice of text hello world! this is a logn pice of text hello world! this is a logn pice of text 
hello world! this is a logn picehello world! this is a logn pice of text hello world! this is a logn pice of text hello world! this is a logn pice of text 
hello world! this is a logn picehello world! this is a logn pice of text hello world! this is a logn pice of text hello world! this is a logn pice of text 
hello world! this is a logn picehello world! this is a logn pice of text hello world! this is a logn pice of text hello world! this is a logn pice of text 
hello world! this is a logn picehello world! this is a logn pice of text hello world! this is a logn pice of text hello world! this is a logn pice of text 
hello world! this is a logn picehello world! this is a logn pice of text hello world! this is a logn pice of text hello world! this is a logn pice of text 
hello world! this is a logn picehello world! this is a logn pice of text hello world! this is a logn pice of text hello world! this is a logn pice of text 
hello world! this is a logn picehello world! this is a logn pice of text hello world! this is a logn pice of text hello world! this is a logn pice of text 
hello world! this is a logn picehello world! this is a logn pice of text hello world! this is a logn pice of text hello world! this is a logn pice of text 
hello world! this is a logn picehello world! this is a logn pice of text hello world! this is a logn pice of text hello world! this is a logn pice of text 
hello world! this is a logn picehello world! this is a logn pice of text hello world! this is a logn pice of text hello world! this is a logn pice of text 
hello world! this is a logn picehello world! this is a logn pice of text hello world! this is a logn pice of text hello world! this is a logn pice of text 
hello world! this is a logn picehello world! this is a logn pice of text hello world! this is a logn pice of text hello world! this is a logn pice of text 
hello world! this is a logn picehello world! this is a logn pice of text hello world! this is a logn pice of text hello world! this is a logn pice of text 
hello world! this is a logn picehello world! this is a logn pice of text hello world! this is a logn pice of text hello world! this is a logn pice of text 
hello world! this is a logn picehello world! this is a logn pice of text hello world! this is a logn pice of text hello world! this is a logn pice of text 
hello world! this is a logn picehello world! this is a logn pice of text hello world! this is a logn pice of text hello world! this is a logn pice of text 
hello world! this is a logn picehello world! this is a logn pice of text hello world! this is a logn pice of text hello world! this is a logn pice of text 
